// Jest Snapshot v1, https://goo.gl/fbAQLP

exports[`renders correctly 1`] = `
<View
  style={
    Object {
      "alignItems": "center",
      "backgroundColor": "#f5fcff",
      "flex": 1,
      "justifyContent": "center",
    }
  }
>
  <View
    className="VictoryContainer"
    onMoveShouldSetResponder={[Function]}
    onMoveShouldSetResponderCapture={[Function]}
    onResponderEnd={[Function]}
    onResponderGrant={[Function]}
    onResponderMove={[Function]}
    onResponderReject={[Function]}
    onResponderRelease={[Function]}
    onResponderStart={[Function]}
    onResponderTerminate={[Function]}
    onResponderTerminationRequest={[Function]}
    onStartShouldSetResponder={[Function]}
    onStartShouldSetResponderCapture={[Function]}
    pointerEvents="box-none"
    style={
      Object {
        "position": "relative",
      }
    }
  >
    <RNSVGSvgView
      align="xMidYMid"
      bbHeight={350}
      bbWidth={350}
      focusable={false}
      height={350}
      meetOrSlice={0}
      minX={0}
      minY={0}
      role="img"
      style={
        Array [
          Object {
            "backgroundColor": "transparent",
            "borderWidth": 0,
          },
          Object {
            "height": "100%",
            "width": "100%",
          },
          Object {
            "opacity": 1,
          },
          Object {
            "flex": 0,
            "height": 350,
            "width": 350,
          },
        ]
      }
      vbHeight={350}
      vbWidth={350}
      width={350}
    >
      <RNSVGGroup
        fill={
          Array [
            0,
            4278190080,
          ]
        }
        fillOpacity={1}
        fillRule={1}
        font={Object {}}
        matrix={
          Array [
            1,
            0,
            0,
            1,
            0,
            0,
          ]
        }
        opacity={1}
        originX={0}
        originY={0}
        propList={Array []}
        rotation={0}
        scaleX={1}
        scaleY={1}
        skewX={0}
        skewY={0}
        stroke={null}
        strokeDasharray={null}
        strokeDashoffset={null}
        strokeLinecap={0}
        strokeLinejoin={0}
        strokeMiterlimit={4}
        strokeOpacity={1}
        strokeWidth={1}
        vectorEffect={0}
        x={0}
        y={0}
      >
        <RNSVGGroup
          fill={
            Array [
              0,
              4278190080,
            ]
          }
          fillOpacity={1}
          fillRule={1}
          font={Object {}}
          matrix={
            Array [
              1,
              0,
              0,
              1,
              0,
              0,
            ]
          }
          opacity={1}
          originX={0}
          originY={0}
          propList={Array []}
          rotation={0}
          scaleX={1}
          scaleY={1}
          skewX={0}
          skewY={0}
          stroke={null}
          strokeDasharray={null}
          strokeDashoffset={null}
          strokeLinecap={0}
          strokeLinejoin={0}
          strokeMiterlimit={4}
          strokeOpacity={1}
          strokeWidth={1}
          vectorEffect={0}
          x={0}
          y={0}
        >
          <RNSVGLine
            fill={
              Array [
                0,
                0,
              ]
            }
            fillOpacity={1}
            fillRule={1}
            matrix={
              Array [
                1,
                0,
                0,
                1,
                0,
                0,
              ]
            }
            opacity={1}
            originX={0}
            originY={0}
            propList={
              Array [
                "fill",
                "stroke",
                "strokeWidth",
                "strokeLinecap",
                "strokeLinejoin",
              ]
            }
            rotation={0}
            scaleX={1}
            scaleY={1}
            skewX={0}
            skewY={0}
            stroke={
              Array [
                0,
                4287669422,
              ]
            }
            strokeDasharray={null}
            strokeDashoffset={null}
            strokeLinecap={1}
            strokeLinejoin={1}
            strokeMiterlimit={4}
            strokeOpacity={1}
            strokeWidth={2}
            vectorEffect={1}
            x={0}
            x1={50}
            x2={300}
            y={0}
            y1={300}
            y2={300}
          />
          <RNSVGGroup
            fill={
              Array [
                0,
                4278190080,
              ]
            }
            fillOpacity={1}
            fillRule={1}
            font={Object {}}
            matrix={
              Array [
                1,
                0,
                0,
                1,
                0,
                0,
              ]
            }
            opacity={1}
            originX={0}
            originY={0}
            propList={Array []}
            rotation={0}
            scaleX={1}
            scaleY={1}
            skewX={0}
            skewY={0}
            stroke={null}
            strokeDasharray={null}
            strokeDashoffset={null}
            strokeLinecap={0}
            strokeLinejoin={0}
            strokeMiterlimit={4}
            strokeOpacity={1}
            strokeWidth={1}
            vectorEffect={0}
            x={0}
            y={0}
          >
            <RNSVGLine
              fill={null}
              fillOpacity={1}
              fillRule={1}
              matrix={
                Array [
                  1,
                  0,
                  0,
                  1,
                  0,
                  0,
                ]
              }
              opacity={1}
              originX={0}
              originY={0}
              propList={
                Array [
                  "fill",
                  "stroke",
                  "strokeDasharray",
                  "strokeLinecap",
                  "strokeLinejoin",
                ]
              }
              rotation={0}
              scaleX={1}
              scaleY={1}
              skewX={0}
              skewY={0}
              stroke={
                Array [
                  0,
                  4293718001,
                ]
              }
              strokeDasharray={
                Array [
                  "10",
                  "5",
                ]
              }
              strokeDashoffset={null}
              strokeLinecap={1}
              strokeLinejoin={1}
              strokeMiterlimit={4}
              strokeOpacity={1}
              strokeWidth={1}
              vectorEffect={1}
              x={0}
              x1={50}
              x2={50}
              y={0}
              y1={300}
              y2={50}
            />
            <RNSVGLine
              fill={
                Array [
                  0,
                  0,
                ]
              }
              fillOpacity={1}
              fillRule={1}
              matrix={
                Array [
                  1,
                  0,
                  0,
                  1,
                  0,
                  0,
                ]
              }
              opacity={1}
              originX={0}
              originY={0}
              propList={
                Array [
                  "fill",
                  "stroke",
                  "strokeWidth",
                  "strokeLinecap",
                  "strokeLinejoin",
                ]
              }
              rotation={0}
              scaleX={1}
              scaleY={1}
              skewX={0}
              skewY={0}
              stroke={
                Array [
                  0,
                  4287669422,
                ]
              }
              strokeDasharray={null}
              strokeDashoffset={null}
              strokeLinecap={1}
              strokeLinejoin={1}
              strokeMiterlimit={4}
              strokeOpacity={1}
              strokeWidth={1}
              vectorEffect={1}
              x={0}
              x1={50}
              x2={50}
              y={0}
              y1={300}
              y2={305}
            />
            <RNSVGText
              content={null}
              dx={
                Array [
                  0,
                ]
              }
              dy={
                Array [
                  10.26,
                ]
              }
              fill={
                Array [
                  0,
                  4278190080,
                ]
              }
              fillOpacity={1}
              fillRule={1}
              font={Object {}}
              matrix={
                Array [
                  1,
                  0,
                  0,
                  1,
                  0,
                  0,
                ]
              }
              name="chart-axis-0-tickLabels-0"
              opacity={1}
              originX={0}
              originY={0}
              propList={Array []}
              rotate={Array []}
              rotation={0}
              scaleX={1}
              scaleY={1}
              skewX={0}
              skewY={0}
              stroke={null}
              strokeDasharray={null}
              strokeDashoffset={null}
              strokeLinecap={0}
              strokeLinejoin={0}
              strokeMiterlimit={4}
              strokeOpacity={1}
              strokeWidth={1}
              vectorEffect={0}
              x={
                Array [
                  50,
                ]
              }
              y={
                Array [
                  313,
                ]
              }
            >
              <RNSVGTSpan
                content="1.0"
                dx={
                  Array [
                    0,
                  ]
                }
                dy={Array []}
                fill={
                  Array [
                    0,
                    4282735204,
                  ]
                }
                fillOpacity={1}
                fillRule={1}
                font={
                  Object {
                    "fontFamily": "Roboto",
                    "fontSize": 12,
                    "letterSpacing": "normal",
                    "textAnchor": "middle",
                  }
                }
                matrix={
                  Array [
                    1,
                    0,
                    0,
                    1,
                    0,
                    0,
                  ]
                }
                opacity={1}
                originX={0}
                originY={0}
                propList={
                  Array [
                    "fill",
                  ]
                }
                rotate={Array []}
                rotation={0}
                scaleX={1}
                scaleY={1}
                skewX={0}
                skewY={0}
                stroke={null}
                strokeDasharray={null}
                strokeDashoffset={null}
                strokeLinecap={0}
                strokeLinejoin={0}
                strokeMiterlimit={4}
                strokeOpacity={1}
                strokeWidth={1}
                vectorEffect={0}
                x={
                  Array [
                    50,
                  ]
                }
                y={Array []}
              />
            </RNSVGText>
          </RNSVGGroup>
          <RNSVGGroup
            fill={
              Array [
                0,
                4278190080,
              ]
            }
            fillOpacity={1}
            fillRule={1}
            font={Object {}}
            matrix={
              Array [
                1,
                0,
                0,
                1,
                0,
                0,
              ]
            }
            opacity={1}
            originX={0}
            originY={0}
            propList={Array []}
            rotation={0}
            scaleX={1}
            scaleY={1}
            skewX={0}
            skewY={0}
            stroke={null}
            strokeDasharray={null}
            strokeDashoffset={null}
            strokeLinecap={0}
            strokeLinejoin={0}
            strokeMiterlimit={4}
            strokeOpacity={1}
            strokeWidth={1}
            vectorEffect={0}
            x={0}
            y={0}
          >
            <RNSVGLine
              fill={null}
              fillOpacity={1}
              fillRule={1}
              matrix={
                Array [
                  1,
                  0,
                  0,
                  1,
                  0,
                  0,
                ]
              }
              opacity={1}
              originX={0}
              originY={0}
              propList={
                Array [
                  "fill",
                  "stroke",
                  "strokeDasharray",
                  "strokeLinecap",
                  "strokeLinejoin",
                ]
              }
              rotation={0}
              scaleX={1}
              scaleY={1}
              skewX={0}
              skewY={0}
              stroke={
                Array [
                  0,
                  4293718001,
                ]
              }
              strokeDasharray={
                Array [
                  "10",
                  "5",
                ]
              }
              strokeDashoffset={null}
              strokeLinecap={1}
              strokeLinejoin={1}
              strokeMiterlimit={4}
              strokeOpacity={1}
              strokeWidth={1}
              vectorEffect={1}
              x={0}
              x1={91.66666666666666}
              x2={91.66666666666666}
              y={0}
              y1={300}
              y2={50}
            />
            <RNSVGLine
              fill={
                Array [
                  0,
                  0,
                ]
              }
              fillOpacity={1}
              fillRule={1}
              matrix={
                Array [
                  1,
                  0,
                  0,
                  1,
                  0,
                  0,
                ]
              }
              opacity={1}
              originX={0}
              originY={0}
              propList={
                Array [
                  "fill",
                  "stroke",
                  "strokeWidth",
                  "strokeLinecap",
                  "strokeLinejoin",
                ]
              }
              rotation={0}
              scaleX={1}
              scaleY={1}
              skewX={0}
              skewY={0}
              stroke={
                Array [
                  0,
                  4287669422,
                ]
              }
              strokeDasharray={null}
              strokeDashoffset={null}
              strokeLinecap={1}
              strokeLinejoin={1}
              strokeMiterlimit={4}
              strokeOpacity={1}
              strokeWidth={1}
              vectorEffect={1}
              x={0}
              x1={91.66666666666666}
              x2={91.66666666666666}
              y={0}
              y1={300}
              y2={305}
            />
            <RNSVGText
              content={null}
              dx={
                Array [
                  0,
                ]
              }
              dy={
                Array [
                  10.26,
                ]
              }
              fill={
                Array [
                  0,
                  4278190080,
                ]
              }
              fillOpacity={1}
              fillRule={1}
              font={Object {}}
              matrix={
                Array [
                  1,
                  0,
                  0,
                  1,
                  0,
                  0,
                ]
              }
              name="chart-axis-0-tickLabels-1"
              opacity={1}
              originX={0}
              originY={0}
              propList={Array []}
              rotate={Array []}
              rotation={0}
              scaleX={1}
              scaleY={1}
              skewX={0}
              skewY={0}
              stroke={null}
              strokeDasharray={null}
              strokeDashoffset={null}
              strokeLinecap={0}
              strokeLinejoin={0}
              strokeMiterlimit={4}
              strokeOpacity={1}
              strokeWidth={1}
              vectorEffect={0}
              x={
                Array [
                  91.66666666666666,
                ]
              }
              y={
                Array [
                  313,
                ]
              }
            >
              <RNSVGTSpan
                content="1.5"
                dx={
                  Array [
                    0,
                  ]
                }
                dy={Array []}
                fill={
                  Array [
                    0,
                    4282735204,
                  ]
                }
                fillOpacity={1}
                fillRule={1}
                font={
                  Object {
                    "fontFamily": "Roboto",
                    "fontSize": 12,
                    "letterSpacing": "normal",
                    "textAnchor": "middle",
                  }
                }
                matrix={
                  Array [
                    1,
                    0,
                    0,
                    1,
                    0,
                    0,
                  ]
                }
                opacity={1}
                originX={0}
                originY={0}
                propList={
                  Array [
                    "fill",
                  ]
                }
                rotate={Array []}
                rotation={0}
                scaleX={1}
                scaleY={1}
                skewX={0}
                skewY={0}
                stroke={null}
                strokeDasharray={null}
                strokeDashoffset={null}
                strokeLinecap={0}
                strokeLinejoin={0}
                strokeMiterlimit={4}
                strokeOpacity={1}
                strokeWidth={1}
                vectorEffect={0}
                x={
                  Array [
                    91.66666666666666,
                  ]
                }
                y={Array []}
              />
            </RNSVGText>
          </RNSVGGroup>
          <RNSVGGroup
            fill={
              Array [
                0,
                4278190080,
              ]
            }
            fillOpacity={1}
            fillRule={1}
            font={Object {}}
            matrix={
              Array [
                1,
                0,
                0,
                1,
                0,
                0,
              ]
            }
            opacity={1}
            originX={0}
            originY={0}
            propList={Array []}
            rotation={0}
            scaleX={1}
            scaleY={1}
            skewX={0}
            skewY={0}
            stroke={null}
            strokeDasharray={null}
            strokeDashoffset={null}
            strokeLinecap={0}
            strokeLinejoin={0}
            strokeMiterlimit={4}
            strokeOpacity={1}
            strokeWidth={1}
            vectorEffect={0}
            x={0}
            y={0}
          >
            <RNSVGLine
              fill={null}
              fillOpacity={1}
              fillRule={1}
              matrix={
                Array [
                  1,
                  0,
                  0,
                  1,
                  0,
                  0,
                ]
              }
              opacity={1}
              originX={0}
              originY={0}
              propList={
                Array [
                  "fill",
                  "stroke",
                  "strokeDasharray",
                  "strokeLinecap",
                  "strokeLinejoin",
                ]
              }
              rotation={0}
              scaleX={1}
              scaleY={1}
              skewX={0}
              skewY={0}
              stroke={
                Array [
                  0,
                  4293718001,
                ]
              }
              strokeDasharray={
                Array [
                  "10",
                  "5",
                ]
              }
              strokeDashoffset={null}
              strokeLinecap={1}
              strokeLinejoin={1}
              strokeMiterlimit={4}
              strokeOpacity={1}
              strokeWidth={1}
              vectorEffect={1}
              x={0}
              x1={133.33333333333331}
              x2={133.33333333333331}
              y={0}
              y1={300}
              y2={50}
            />
            <RNSVGLine
              fill={
                Array [
                  0,
                  0,
                ]
              }
              fillOpacity={1}
              fillRule={1}
              matrix={
                Array [
                  1,
                  0,
                  0,
                  1,
                  0,
                  0,
                ]
              }
              opacity={1}
              originX={0}
              originY={0}
              propList={
                Array [
                  "fill",
                  "stroke",
                  "strokeWidth",
                  "strokeLinecap",
                  "strokeLinejoin",
                ]
              }
              rotation={0}
              scaleX={1}
              scaleY={1}
              skewX={0}
              skewY={0}
              stroke={
                Array [
                  0,
                  4287669422,
                ]
              }
              strokeDasharray={null}
              strokeDashoffset={null}
              strokeLinecap={1}
              strokeLinejoin={1}
              strokeMiterlimit={4}
              strokeOpacity={1}
              strokeWidth={1}
              vectorEffect={1}
              x={0}
              x1={133.33333333333331}
              x2={133.33333333333331}
              y={0}
              y1={300}
              y2={305}
            />
            <RNSVGText
              content={null}
              dx={
                Array [
                  0,
                ]
              }
              dy={
                Array [
                  10.26,
                ]
              }
              fill={
                Array [
                  0,
                  4278190080,
                ]
              }
              fillOpacity={1}
              fillRule={1}
              font={Object {}}
              matrix={
                Array [
                  1,
                  0,
                  0,
                  1,
                  0,
                  0,
                ]
              }
              name="chart-axis-0-tickLabels-2"
              opacity={1}
              originX={0}
              originY={0}
              propList={Array []}
              rotate={Array []}
              rotation={0}
              scaleX={1}
              scaleY={1}
              skewX={0}
              skewY={0}
              stroke={null}
              strokeDasharray={null}
              strokeDashoffset={null}
              strokeLinecap={0}
              strokeLinejoin={0}
              strokeMiterlimit={4}
              strokeOpacity={1}
              strokeWidth={1}
              vectorEffect={0}
              x={
                Array [
                  133.33333333333331,
                ]
              }
              y={
                Array [
                  313,
                ]
              }
            >
              <RNSVGTSpan
                content="2.0"
                dx={
                  Array [
                    0,
                  ]
                }
                dy={Array []}
                fill={
                  Array [
                    0,
                    4282735204,
                  ]
                }
                fillOpacity={1}
                fillRule={1}
                font={
                  Object {
                    "fontFamily": "Roboto",
                    "fontSize": 12,
                    "letterSpacing": "normal",
                    "textAnchor": "middle",
                  }
                }
                matrix={
                  Array [
                    1,
                    0,
                    0,
                    1,
                    0,
                    0,
                  ]
                }
                opacity={1}
                originX={0}
                originY={0}
                propList={
                  Array [
                    "fill",
                  ]
                }
                rotate={Array []}
                rotation={0}
                scaleX={1}
                scaleY={1}
                skewX={0}
                skewY={0}
                stroke={null}
                strokeDasharray={null}
                strokeDashoffset={null}
                strokeLinecap={0}
                strokeLinejoin={0}
                strokeMiterlimit={4}
                strokeOpacity={1}
                strokeWidth={1}
                vectorEffect={0}
                x={
                  Array [
                    133.33333333333331,
                  ]
                }
                y={Array []}
              />
            </RNSVGText>
          </RNSVGGroup>
          <RNSVGGroup
            fill={
              Array [
                0,
                4278190080,
              ]
            }
            fillOpacity={1}
            fillRule={1}
            font={Object {}}
            matrix={
              Array [
                1,
                0,
                0,
                1,
                0,
                0,
              ]
            }
            opacity={1}
            originX={0}
            originY={0}
            propList={Array []}
            rotation={0}
            scaleX={1}
            scaleY={1}
            skewX={0}
            skewY={0}
            stroke={null}
            strokeDasharray={null}
            strokeDashoffset={null}
            strokeLinecap={0}
            strokeLinejoin={0}
            strokeMiterlimit={4}
            strokeOpacity={1}
            strokeWidth={1}
            vectorEffect={0}
            x={0}
            y={0}
          >
            <RNSVGLine
              fill={null}
              fillOpacity={1}
              fillRule={1}
              matrix={
                Array [
                  1,
                  0,
                  0,
                  1,
                  0,
                  0,
                ]
              }
              opacity={1}
              originX={0}
              originY={0}
              propList={
                Array [
                  "fill",
                  "stroke",
                  "strokeDasharray",
                  "strokeLinecap",
                  "strokeLinejoin",
                ]
              }
              rotation={0}
              scaleX={1}
              scaleY={1}
              skewX={0}
              skewY={0}
              stroke={
                Array [
                  0,
                  4293718001,
                ]
              }
              strokeDasharray={
                Array [
                  "10",
                  "5",
                ]
              }
              strokeDashoffset={null}
              strokeLinecap={1}
              strokeLinejoin={1}
              strokeMiterlimit={4}
              strokeOpacity={1}
              strokeWidth={1}
              vectorEffect={1}
              x={0}
              x1={175}
              x2={175}
              y={0}
              y1={300}
              y2={50}
            />
            <RNSVGLine
              fill={
                Array [
                  0,
                  0,
                ]
              }
              fillOpacity={1}
              fillRule={1}
              matrix={
                Array [
                  1,
                  0,
                  0,
                  1,
                  0,
                  0,
                ]
              }
              opacity={1}
              originX={0}
              originY={0}
              propList={
                Array [
                  "fill",
                  "stroke",
                  "strokeWidth",
                  "strokeLinecap",
                  "strokeLinejoin",
                ]
              }
              rotation={0}
              scaleX={1}
              scaleY={1}
              skewX={0}
              skewY={0}
              stroke={
                Array [
                  0,
                  4287669422,
                ]
              }
              strokeDasharray={null}
              strokeDashoffset={null}
              strokeLinecap={1}
              strokeLinejoin={1}
              strokeMiterlimit={4}
              strokeOpacity={1}
              strokeWidth={1}
              vectorEffect={1}
              x={0}
              x1={175}
              x2={175}
              y={0}
              y1={300}
              y2={305}
            />
            <RNSVGText
              content={null}
              dx={
                Array [
                  0,
                ]
              }
              dy={
                Array [
                  10.26,
                ]
              }
              fill={
                Array [
                  0,
                  4278190080,
                ]
              }
              fillOpacity={1}
              fillRule={1}
              font={Object {}}
              matrix={
                Array [
                  1,
                  0,
                  0,
                  1,
                  0,
                  0,
                ]
              }
              name="chart-axis-0-tickLabels-3"
              opacity={1}
              originX={0}
              originY={0}
              propList={Array []}
              rotate={Array []}
              rotation={0}
              scaleX={1}
              scaleY={1}
              skewX={0}
              skewY={0}
              stroke={null}
              strokeDasharray={null}
              strokeDashoffset={null}
              strokeLinecap={0}
              strokeLinejoin={0}
              strokeMiterlimit={4}
              strokeOpacity={1}
              strokeWidth={1}
              vectorEffect={0}
              x={
                Array [
                  175,
                ]
              }
              y={
                Array [
                  313,
                ]
              }
            >
              <RNSVGTSpan
                content="2.5"
                dx={
                  Array [
                    0,
                  ]
                }
                dy={Array []}
                fill={
                  Array [
                    0,
                    4282735204,
                  ]
                }
                fillOpacity={1}
                fillRule={1}
                font={
                  Object {
                    "fontFamily": "Roboto",
                    "fontSize": 12,
                    "letterSpacing": "normal",
                    "textAnchor": "middle",
                  }
                }
                matrix={
                  Array [
                    1,
                    0,
                    0,
                    1,
                    0,
                    0,
                  ]
                }
                opacity={1}
                originX={0}
                originY={0}
                propList={
                  Array [
                    "fill",
                  ]
                }
                rotate={Array []}
                rotation={0}
                scaleX={1}
                scaleY={1}
                skewX={0}
                skewY={0}
                stroke={null}
                strokeDasharray={null}
                strokeDashoffset={null}
                strokeLinecap={0}
                strokeLinejoin={0}
                strokeMiterlimit={4}
                strokeOpacity={1}
                strokeWidth={1}
                vectorEffect={0}
                x={
                  Array [
                    175,
                  ]
                }
                y={Array []}
              />
            </RNSVGText>
          </RNSVGGroup>
          <RNSVGGroup
            fill={
              Array [
                0,
                4278190080,
              ]
            }
            fillOpacity={1}
            fillRule={1}
            font={Object {}}
            matrix={
              Array [
                1,
                0,
                0,
                1,
                0,
                0,
              ]
            }
            opacity={1}
            originX={0}
            originY={0}
            propList={Array []}
            rotation={0}
            scaleX={1}
            scaleY={1}
            skewX={0}
            skewY={0}
            stroke={null}
            strokeDasharray={null}
            strokeDashoffset={null}
            strokeLinecap={0}
            strokeLinejoin={0}
            strokeMiterlimit={4}
            strokeOpacity={1}
            strokeWidth={1}
            vectorEffect={0}
            x={0}
            y={0}
          >
            <RNSVGLine
              fill={null}
              fillOpacity={1}
              fillRule={1}
              matrix={
                Array [
                  1,
                  0,
                  0,
                  1,
                  0,
                  0,
                ]
              }
              opacity={1}
              originX={0}
              originY={0}
              propList={
                Array [
                  "fill",
                  "stroke",
                  "strokeDasharray",
                  "strokeLinecap",
                  "strokeLinejoin",
                ]
              }
              rotation={0}
              scaleX={1}
              scaleY={1}
              skewX={0}
              skewY={0}
              stroke={
                Array [
                  0,
                  4293718001,
                ]
              }
              strokeDasharray={
                Array [
                  "10",
                  "5",
                ]
              }
              strokeDashoffset={null}
              strokeLinecap={1}
              strokeLinejoin={1}
              strokeMiterlimit={4}
              strokeOpacity={1}
              strokeWidth={1}
              vectorEffect={1}
              x={0}
              x1={216.66666666666666}
              x2={216.66666666666666}
              y={0}
              y1={300}
              y2={50}
            />
            <RNSVGLine
              fill={
                Array [
                  0,
                  0,
                ]
              }
              fillOpacity={1}
              fillRule={1}
              matrix={
                Array [
                  1,
                  0,
                  0,
                  1,
                  0,
                  0,
                ]
              }
              opacity={1}
              originX={0}
              originY={0}
              propList={
                Array [
                  "fill",
                  "stroke",
                  "strokeWidth",
                  "strokeLinecap",
                  "strokeLinejoin",
                ]
              }
              rotation={0}
              scaleX={1}
              scaleY={1}
              skewX={0}
              skewY={0}
              stroke={
                Array [
                  0,
                  4287669422,
                ]
              }
              strokeDasharray={null}
              strokeDashoffset={null}
              strokeLinecap={1}
              strokeLinejoin={1}
              strokeMiterlimit={4}
              strokeOpacity={1}
              strokeWidth={1}
              vectorEffect={1}
              x={0}
              x1={216.66666666666666}
              x2={216.66666666666666}
              y={0}
              y1={300}
              y2={305}
            />
            <RNSVGText
              content={null}
              dx={
                Array [
                  0,
                ]
              }
              dy={
                Array [
                  10.26,
                ]
              }
              fill={
                Array [
                  0,
                  4278190080,
                ]
              }
              fillOpacity={1}
              fillRule={1}
              font={Object {}}
              matrix={
                Array [
                  1,
                  0,
                  0,
                  1,
                  0,
                  0,
                ]
              }
              name="chart-axis-0-tickLabels-4"
              opacity={1}
              originX={0}
              originY={0}
              propList={Array []}
              rotate={Array []}
              rotation={0}
              scaleX={1}
              scaleY={1}
              skewX={0}
              skewY={0}
              stroke={null}
              strokeDasharray={null}
              strokeDashoffset={null}
              strokeLinecap={0}
              strokeLinejoin={0}
              strokeMiterlimit={4}
              strokeOpacity={1}
              strokeWidth={1}
              vectorEffect={0}
              x={
                Array [
                  216.66666666666666,
                ]
              }
              y={
                Array [
                  313,
                ]
              }
            >
              <RNSVGTSpan
                content="3.0"
                dx={
                  Array [
                    0,
                  ]
                }
                dy={Array []}
                fill={
                  Array [
                    0,
                    4282735204,
                  ]
                }
                fillOpacity={1}
                fillRule={1}
                font={
                  Object {
                    "fontFamily": "Roboto",
                    "fontSize": 12,
                    "letterSpacing": "normal",
                    "textAnchor": "middle",
                  }
                }
                matrix={
                  Array [
                    1,
                    0,
                    0,
                    1,
                    0,
                    0,
                  ]
                }
                opacity={1}
                originX={0}
                originY={0}
                propList={
                  Array [
                    "fill",
                  ]
                }
                rotate={Array []}
                rotation={0}
                scaleX={1}
                scaleY={1}
                skewX={0}
                skewY={0}
                stroke={null}
                strokeDasharray={null}
                strokeDashoffset={null}
                strokeLinecap={0}
                strokeLinejoin={0}
                strokeMiterlimit={4}
                strokeOpacity={1}
                strokeWidth={1}
                vectorEffect={0}
                x={
                  Array [
                    216.66666666666666,
                  ]
                }
                y={Array []}
              />
            </RNSVGText>
          </RNSVGGroup>
          <RNSVGGroup
            fill={
              Array [
                0,
                4278190080,
              ]
            }
            fillOpacity={1}
            fillRule={1}
            font={Object {}}
            matrix={
              Array [
                1,
                0,
                0,
                1,
                0,
                0,
              ]
            }
            opacity={1}
            originX={0}
            originY={0}
            propList={Array []}
            rotation={0}
            scaleX={1}
            scaleY={1}
            skewX={0}
            skewY={0}
            stroke={null}
            strokeDasharray={null}
            strokeDashoffset={null}
            strokeLinecap={0}
            strokeLinejoin={0}
            strokeMiterlimit={4}
            strokeOpacity={1}
            strokeWidth={1}
            vectorEffect={0}
            x={0}
            y={0}
          >
            <RNSVGLine
              fill={null}
              fillOpacity={1}
              fillRule={1}
              matrix={
                Array [
                  1,
                  0,
                  0,
                  1,
                  0,
                  0,
                ]
              }
              opacity={1}
              originX={0}
              originY={0}
              propList={
                Array [
                  "fill",
                  "stroke",
                  "strokeDasharray",
                  "strokeLinecap",
                  "strokeLinejoin",
                ]
              }
              rotation={0}
              scaleX={1}
              scaleY={1}
              skewX={0}
              skewY={0}
              stroke={
                Array [
                  0,
                  4293718001,
                ]
              }
              strokeDasharray={
                Array [
                  "10",
                  "5",
                ]
              }
              strokeDashoffset={null}
              strokeLinecap={1}
              strokeLinejoin={1}
              strokeMiterlimit={4}
              strokeOpacity={1}
              strokeWidth={1}
              vectorEffect={1}
              x={0}
              x1={258.33333333333337}
              x2={258.33333333333337}
              y={0}
              y1={300}
              y2={50}
            />
            <RNSVGLine
              fill={
                Array [
                  0,
                  0,
                ]
              }
              fillOpacity={1}
              fillRule={1}
              matrix={
                Array [
                  1,
                  0,
                  0,
                  1,
                  0,
                  0,
                ]
              }
              opacity={1}
              originX={0}
              originY={0}
              propList={
                Array [
                  "fill",
                  "stroke",
                  "strokeWidth",
                  "strokeLinecap",
                  "strokeLinejoin",
                ]
              }
              rotation={0}
              scaleX={1}
              scaleY={1}
              skewX={0}
              skewY={0}
              stroke={
                Array [
                  0,
                  4287669422,
                ]
              }
              strokeDasharray={null}
              strokeDashoffset={null}
              strokeLinecap={1}
              strokeLinejoin={1}
              strokeMiterlimit={4}
              strokeOpacity={1}
              strokeWidth={1}
              vectorEffect={1}
              x={0}
              x1={258.33333333333337}
              x2={258.33333333333337}
              y={0}
              y1={300}
              y2={305}
            />
            <RNSVGText
              content={null}
              dx={
                Array [
                  0,
                ]
              }
              dy={
                Array [
                  10.26,
                ]
              }
              fill={
                Array [
                  0,
                  4278190080,
                ]
              }
              fillOpacity={1}
              fillRule={1}
              font={Object {}}
              matrix={
                Array [
                  1,
                  0,
                  0,
                  1,
                  0,
                  0,
                ]
              }
              name="chart-axis-0-tickLabels-5"
              opacity={1}
              originX={0}
              originY={0}
              propList={Array []}
              rotate={Array []}
              rotation={0}
              scaleX={1}
              scaleY={1}
              skewX={0}
              skewY={0}
              stroke={null}
              strokeDasharray={null}
              strokeDashoffset={null}
              strokeLinecap={0}
              strokeLinejoin={0}
              strokeMiterlimit={4}
              strokeOpacity={1}
              strokeWidth={1}
              vectorEffect={0}
              x={
                Array [
                  258.33333333333337,
                ]
              }
              y={
                Array [
                  313,
                ]
              }
            >
              <RNSVGTSpan
                content="3.5"
                dx={
                  Array [
                    0,
                  ]
                }
                dy={Array []}
                fill={
                  Array [
                    0,
                    4282735204,
                  ]
                }
                fillOpacity={1}
                fillRule={1}
                font={
                  Object {
                    "fontFamily": "Roboto",
                    "fontSize": 12,
                    "letterSpacing": "normal",
                    "textAnchor": "middle",
                  }
                }
                matrix={
                  Array [
                    1,
                    0,
                    0,
                    1,
                    0,
                    0,
                  ]
                }
                opacity={1}
                originX={0}
                originY={0}
                propList={
                  Array [
                    "fill",
                  ]
                }
                rotate={Array []}
                rotation={0}
                scaleX={1}
                scaleY={1}
                skewX={0}
                skewY={0}
                stroke={null}
                strokeDasharray={null}
                strokeDashoffset={null}
                strokeLinecap={0}
                strokeLinejoin={0}
                strokeMiterlimit={4}
                strokeOpacity={1}
                strokeWidth={1}
                vectorEffect={0}
                x={
                  Array [
                    258.33333333333337,
                  ]
                }
                y={Array []}
              />
            </RNSVGText>
          </RNSVGGroup>
          <RNSVGGroup
            fill={
              Array [
                0,
                4278190080,
              ]
            }
            fillOpacity={1}
            fillRule={1}
            font={Object {}}
            matrix={
              Array [
                1,
                0,
                0,
                1,
                0,
                0,
              ]
            }
            opacity={1}
            originX={0}
            originY={0}
            propList={Array []}
            rotation={0}
            scaleX={1}
            scaleY={1}
            skewX={0}
            skewY={0}
            stroke={null}
            strokeDasharray={null}
            strokeDashoffset={null}
            strokeLinecap={0}
            strokeLinejoin={0}
            strokeMiterlimit={4}
            strokeOpacity={1}
            strokeWidth={1}
            vectorEffect={0}
            x={0}
            y={0}
          >
            <RNSVGLine
              fill={null}
              fillOpacity={1}
              fillRule={1}
              matrix={
                Array [
                  1,
                  0,
                  0,
                  1,
                  0,
                  0,
                ]
              }
              opacity={1}
              originX={0}
              originY={0}
              propList={
                Array [
                  "fill",
                  "stroke",
                  "strokeDasharray",
                  "strokeLinecap",
                  "strokeLinejoin",
                ]
              }
              rotation={0}
              scaleX={1}
              scaleY={1}
              skewX={0}
              skewY={0}
              stroke={
                Array [
                  0,
                  4293718001,
                ]
              }
              strokeDasharray={
                Array [
                  "10",
                  "5",
                ]
              }
              strokeDashoffset={null}
              strokeLinecap={1}
              strokeLinejoin={1}
              strokeMiterlimit={4}
              strokeOpacity={1}
              strokeWidth={1}
              vectorEffect={1}
              x={0}
              x1={300}
              x2={300}
              y={0}
              y1={300}
              y2={50}
            />
            <RNSVGLine
              fill={
                Array [
                  0,
                  0,
                ]
              }
              fillOpacity={1}
              fillRule={1}
              matrix={
                Array [
                  1,
                  0,
                  0,
                  1,
                  0,
                  0,
                ]
              }
              opacity={1}
              originX={0}
              originY={0}
              propList={
                Array [
                  "fill",
                  "stroke",
                  "strokeWidth",
                  "strokeLinecap",
                  "strokeLinejoin",
                ]
              }
              rotation={0}
              scaleX={1}
              scaleY={1}
              skewX={0}
              skewY={0}
              stroke={
                Array [
                  0,
                  4287669422,
                ]
              }
              strokeDasharray={null}
              strokeDashoffset={null}
              strokeLinecap={1}
              strokeLinejoin={1}
              strokeMiterlimit={4}
              strokeOpacity={1}
              strokeWidth={1}
              vectorEffect={1}
              x={0}
              x1={300}
              x2={300}
              y={0}
              y1={300}
              y2={305}
            />
            <RNSVGText
              content={null}
              dx={
                Array [
                  0,
                ]
              }
              dy={
                Array [
                  10.26,
                ]
              }
              fill={
                Array [
                  0,
                  4278190080,
                ]
              }
              fillOpacity={1}
              fillRule={1}
              font={Object {}}
              matrix={
                Array [
                  1,
                  0,
                  0,
                  1,
                  0,
                  0,
                ]
              }
              name="chart-axis-0-tickLabels-6"
              opacity={1}
              originX={0}
              originY={0}
              propList={Array []}
              rotate={Array []}
              rotation={0}
              scaleX={1}
              scaleY={1}
              skewX={0}
              skewY={0}
              stroke={null}
              strokeDasharray={null}
              strokeDashoffset={null}
              strokeLinecap={0}
              strokeLinejoin={0}
              strokeMiterlimit={4}
              strokeOpacity={1}
              strokeWidth={1}
              vectorEffect={0}
              x={
                Array [
                  300,
                ]
              }
              y={
                Array [
                  313,
                ]
              }
            >
              <RNSVGTSpan
                content="4.0"
                dx={
                  Array [
                    0,
                  ]
                }
                dy={Array []}
                fill={
                  Array [
                    0,
                    4282735204,
                  ]
                }
                fillOpacity={1}
                fillRule={1}
                font={
                  Object {
                    "fontFamily": "Roboto",
                    "fontSize": 12,
                    "letterSpacing": "normal",
                    "textAnchor": "middle",
                  }
                }
                matrix={
                  Array [
                    1,
                    0,
                    0,
                    1,
                    0,
                    0,
                  ]
                }
                opacity={1}
                originX={0}
                originY={0}
                propList={
                  Array [
                    "fill",
                  ]
                }
                rotate={Array []}
                rotation={0}
                scaleX={1}
                scaleY={1}
                skewX={0}
                skewY={0}
                stroke={null}
                strokeDasharray={null}
                strokeDashoffset={null}
                strokeLinecap={0}
                strokeLinejoin={0}
                strokeMiterlimit={4}
                strokeOpacity={1}
                strokeWidth={1}
                vectorEffect={0}
                x={
                  Array [
                    300,
                  ]
                }
                y={Array []}
              />
            </RNSVGText>
          </RNSVGGroup>
        </RNSVGGroup>
        <RNSVGGroup
          fill={
            Array [
              0,
              4278190080,
            ]
          }
          fillOpacity={1}
          fillRule={1}
          font={Object {}}
          matrix={
            Array [
              1,
              0,
              0,
              1,
              0,
              0,
            ]
          }
          opacity={1}
          originX={0}
          originY={0}
          propList={Array []}
          rotation={0}
          scaleX={1}
          scaleY={1}
          skewX={0}
          skewY={0}
          stroke={null}
          strokeDasharray={null}
          strokeDashoffset={null}
          strokeLinecap={0}
          strokeLinejoin={0}
          strokeMiterlimit={4}
          strokeOpacity={1}
          strokeWidth={1}
          vectorEffect={0}
          x={0}
          y={0}
        >
          <RNSVGLine
            fill={
              Array [
                0,
                0,
              ]
            }
            fillOpacity={1}
            fillRule={1}
            matrix={
              Array [
                1,
                0,
                0,
                1,
                0,
                0,
              ]
            }
            opacity={1}
            originX={0}
            originY={0}
            propList={
              Array [
                "fill",
                "stroke",
                "strokeWidth",
                "strokeLinecap",
                "strokeLinejoin",
              ]
            }
            rotation={0}
            scaleX={1}
            scaleY={1}
            skewX={0}
            skewY={0}
            stroke={
              Array [
                0,
                4287669422,
              ]
            }
            strokeDasharray={null}
            strokeDashoffset={null}
            strokeLinecap={1}
            strokeLinejoin={1}
            strokeMiterlimit={4}
            strokeOpacity={1}
            strokeWidth={2}
            vectorEffect={1}
            x={0}
            x1={50}
            x2={50}
            y={0}
            y1={50}
            y2={300}
          />
          <RNSVGGroup
            fill={
              Array [
                0,
                4278190080,
              ]
            }
            fillOpacity={1}
            fillRule={1}
            font={Object {}}
            matrix={
              Array [
                1,
                0,
                0,
                1,
                0,
                0,
              ]
            }
            opacity={1}
            originX={0}
            originY={0}
            propList={Array []}
            rotation={0}
            scaleX={1}
            scaleY={1}
            skewX={0}
            skewY={0}
            stroke={null}
            strokeDasharray={null}
            strokeDashoffset={null}
            strokeLinecap={0}
            strokeLinejoin={0}
            strokeMiterlimit={4}
            strokeOpacity={1}
            strokeWidth={1}
            vectorEffect={0}
            x={0}
            y={0}
          >
            <RNSVGLine
              fill={null}
              fillOpacity={1}
              fillRule={1}
              matrix={
                Array [
                  1,
                  0,
                  0,
                  1,
                  0,
                  0,
                ]
              }
              opacity={1}
              originX={0}
              originY={0}
              propList={
                Array [
                  "fill",
                  "stroke",
                  "strokeDasharray",
                  "strokeLinecap",
                  "strokeLinejoin",
                ]
              }
              rotation={0}
              scaleX={1}
              scaleY={1}
              skewX={0}
              skewY={0}
              stroke={
                Array [
                  0,
                  4293718001,
                ]
              }
              strokeDasharray={
                Array [
                  "10",
                  "5",
                ]
              }
              strokeDashoffset={null}
              strokeLinecap={1}
              strokeLinejoin={1}
              strokeMiterlimit={4}
              strokeOpacity={1}
              strokeWidth={1}
              vectorEffect={1}
              x={0}
              x1={50}
              x2={300}
              y={0}
              y1={234.21052631578948}
              y2={234.21052631578948}
            />
            <RNSVGLine
              fill={
                Array [
                  0,
                  0,
                ]
              }
              fillOpacity={1}
              fillRule={1}
              matrix={
                Array [
                  1,
                  0,
                  0,
                  1,
                  0,
                  0,
                ]
              }
              opacity={1}
              originX={0}
              originY={0}
              propList={
                Array [
                  "fill",
                  "stroke",
                  "strokeWidth",
                  "strokeLinecap",
                  "strokeLinejoin",
                ]
              }
              rotation={0}
              scaleX={1}
              scaleY={1}
              skewX={0}
              skewY={0}
              stroke={
                Array [
                  0,
                  4287669422,
                ]
              }
              strokeDasharray={null}
              strokeDashoffset={null}
              strokeLinecap={1}
              strokeLinejoin={1}
              strokeMiterlimit={4}
              strokeOpacity={1}
              strokeWidth={1}
              vectorEffect={1}
              x={0}
              x1={50}
              x2={45}
              y={0}
              y1={234.21052631578948}
              y2={234.21052631578948}
            />
            <RNSVGText
              content={null}
              dx={
                Array [
                  0,
                ]
              }
              dy={
                Array [
                  4.26,
                ]
              }
              fill={
                Array [
                  0,
                  4278190080,
                ]
              }
              fillOpacity={1}
              fillRule={1}
              font={Object {}}
              matrix={
                Array [
                  1,
                  0,
                  0,
                  1,
                  0,
                  0,
                ]
              }
              name="chart-axis-1-tickLabels-0"
              opacity={1}
              originX={0}
              originY={0}
              propList={Array []}
              rotate={Array []}
              rotation={0}
              scaleX={1}
              scaleY={1}
              skewX={0}
              skewY={0}
              stroke={null}
              strokeDasharray={null}
              strokeDashoffset={null}
              strokeLinecap={0}
              strokeLinejoin={0}
              strokeMiterlimit={4}
              strokeOpacity={1}
              strokeWidth={1}
              vectorEffect={0}
              x={
                Array [
                  37,
                ]
              }
              y={
                Array [
                  234.21052631578948,
                ]
              }
            >
              <RNSVGTSpan
                content="5,000"
                dx={
                  Array [
                    0,
                  ]
                }
                dy={Array []}
                fill={
                  Array [
                    0,
                    4282735204,
                  ]
                }
                fillOpacity={1}
                fillRule={1}
                font={
                  Object {
                    "fontFamily": "Roboto",
                    "fontSize": 12,
                    "letterSpacing": "normal",
                    "textAnchor": "end",
                  }
                }
                matrix={
                  Array [
                    1,
                    0,
                    0,
                    1,
                    0,
                    0,
                  ]
                }
                opacity={1}
                originX={0}
                originY={0}
                propList={
                  Array [
                    "fill",
                  ]
                }
                rotate={Array []}
                rotation={0}
                scaleX={1}
                scaleY={1}
                skewX={0}
                skewY={0}
                stroke={null}
                strokeDasharray={null}
                strokeDashoffset={null}
                strokeLinecap={0}
                strokeLinejoin={0}
                strokeMiterlimit={4}
                strokeOpacity={1}
                strokeWidth={1}
                vectorEffect={0}
                x={
                  Array [
                    37,
                  ]
                }
                y={Array []}
              />
            </RNSVGText>
          </RNSVGGroup>
          <RNSVGGroup
            fill={
              Array [
                0,
                4278190080,
              ]
            }
            fillOpacity={1}
            fillRule={1}
            font={Object {}}
            matrix={
              Array [
                1,
                0,
                0,
                1,
                0,
                0,
              ]
            }
            opacity={1}
            originX={0}
            originY={0}
            propList={Array []}
            rotation={0}
            scaleX={1}
            scaleY={1}
            skewX={0}
            skewY={0}
            stroke={null}
            strokeDasharray={null}
            strokeDashoffset={null}
            strokeLinecap={0}
            strokeLinejoin={0}
            strokeMiterlimit={4}
            strokeOpacity={1}
            strokeWidth={1}
            vectorEffect={0}
            x={0}
            y={0}
          >
            <RNSVGLine
              fill={null}
              fillOpacity={1}
              fillRule={1}
              matrix={
                Array [
                  1,
                  0,
                  0,
                  1,
                  0,
                  0,
                ]
              }
              opacity={1}
              originX={0}
              originY={0}
              propList={
                Array [
                  "fill",
                  "stroke",
                  "strokeDasharray",
                  "strokeLinecap",
                  "strokeLinejoin",
                ]
              }
              rotation={0}
              scaleX={1}
              scaleY={1}
              skewX={0}
              skewY={0}
              stroke={
                Array [
                  0,
                  4293718001,
                ]
              }
              strokeDasharray={
                Array [
                  "10",
                  "5",
                ]
              }
              strokeDashoffset={null}
              strokeLinecap={1}
              strokeLinejoin={1}
              strokeMiterlimit={4}
              strokeOpacity={1}
              strokeWidth={1}
              vectorEffect={1}
              x={0}
              x1={50}
              x2={300}
              y={0}
              y1={168.42105263157896}
              y2={168.42105263157896}
            />
            <RNSVGLine
              fill={
                Array [
                  0,
                  0,
                ]
              }
              fillOpacity={1}
              fillRule={1}
              matrix={
                Array [
                  1,
                  0,
                  0,
                  1,
                  0,
                  0,
                ]
              }
              opacity={1}
              originX={0}
              originY={0}
              propList={
                Array [
                  "fill",
                  "stroke",
                  "strokeWidth",
                  "strokeLinecap",
                  "strokeLinejoin",
                ]
              }
              rotation={0}
              scaleX={1}
              scaleY={1}
              skewX={0}
              skewY={0}
              stroke={
                Array [
                  0,
                  4287669422,
                ]
              }
              strokeDasharray={null}
              strokeDashoffset={null}
              strokeLinecap={1}
              strokeLinejoin={1}
              strokeMiterlimit={4}
              strokeOpacity={1}
              strokeWidth={1}
              vectorEffect={1}
              x={0}
              x1={50}
              x2={45}
              y={0}
              y1={168.42105263157896}
              y2={168.42105263157896}
            />
            <RNSVGText
              content={null}
              dx={
                Array [
                  0,
                ]
              }
              dy={
                Array [
                  4.26,
                ]
              }
              fill={
                Array [
                  0,
                  4278190080,
                ]
              }
              fillOpacity={1}
              fillRule={1}
              font={Object {}}
              matrix={
                Array [
                  1,
                  0,
                  0,
                  1,
                  0,
                  0,
                ]
              }
              name="chart-axis-1-tickLabels-1"
              opacity={1}
              originX={0}
              originY={0}
              propList={Array []}
              rotate={Array []}
              rotation={0}
              scaleX={1}
              scaleY={1}
              skewX={0}
              skewY={0}
              stroke={null}
              strokeDasharray={null}
              strokeDashoffset={null}
              strokeLinecap={0}
              strokeLinejoin={0}
              strokeMiterlimit={4}
              strokeOpacity={1}
              strokeWidth={1}
              vectorEffect={0}
              x={
                Array [
                  37,
                ]
              }
              y={
                Array [
                  168.42105263157896,
                ]
              }
            >
              <RNSVGTSpan
                content="10,000"
                dx={
                  Array [
                    0,
                  ]
                }
                dy={Array []}
                fill={
                  Array [
                    0,
                    4282735204,
                  ]
                }
                fillOpacity={1}
                fillRule={1}
                font={
                  Object {
                    "fontFamily": "Roboto",
                    "fontSize": 12,
                    "letterSpacing": "normal",
                    "textAnchor": "end",
                  }
                }
                matrix={
                  Array [
                    1,
                    0,
                    0,
                    1,
                    0,
                    0,
                  ]
                }
                opacity={1}
                originX={0}
                originY={0}
                propList={
                  Array [
                    "fill",
                  ]
                }
                rotate={Array []}
                rotation={0}
                scaleX={1}
                scaleY={1}
                skewX={0}
                skewY={0}
                stroke={null}
                strokeDasharray={null}
                strokeDashoffset={null}
                strokeLinecap={0}
                strokeLinejoin={0}
                strokeMiterlimit={4}
                strokeOpacity={1}
                strokeWidth={1}
                vectorEffect={0}
                x={
                  Array [
                    37,
                  ]
                }
                y={Array []}
              />
            </RNSVGText>
          </RNSVGGroup>
          <RNSVGGroup
            fill={
              Array [
                0,
                4278190080,
              ]
            }
            fillOpacity={1}
            fillRule={1}
            font={Object {}}
            matrix={
              Array [
                1,
                0,
                0,
                1,
                0,
                0,
              ]
            }
            opacity={1}
            originX={0}
            originY={0}
            propList={Array []}
            rotation={0}
            scaleX={1}
            scaleY={1}
            skewX={0}
            skewY={0}
            stroke={null}
            strokeDasharray={null}
            strokeDashoffset={null}
            strokeLinecap={0}
            strokeLinejoin={0}
            strokeMiterlimit={4}
            strokeOpacity={1}
            strokeWidth={1}
            vectorEffect={0}
            x={0}
            y={0}
          >
            <RNSVGLine
              fill={null}
              fillOpacity={1}
              fillRule={1}
              matrix={
                Array [
                  1,
                  0,
                  0,
                  1,
                  0,
                  0,
                ]
              }
              opacity={1}
              originX={0}
              originY={0}
              propList={
                Array [
                  "fill",
                  "stroke",
                  "strokeDasharray",
                  "strokeLinecap",
                  "strokeLinejoin",
                ]
              }
              rotation={0}
              scaleX={1}
              scaleY={1}
              skewX={0}
              skewY={0}
              stroke={
                Array [
                  0,
                  4293718001,
                ]
              }
              strokeDasharray={
                Array [
                  "10",
                  "5",
                ]
              }
              strokeDashoffset={null}
              strokeLinecap={1}
              strokeLinejoin={1}
              strokeMiterlimit={4}
              strokeOpacity={1}
              strokeWidth={1}
              vectorEffect={1}
              x={0}
              x1={50}
              x2={300}
              y={0}
              y1={102.63157894736841}
              y2={102.63157894736841}
            />
            <RNSVGLine
              fill={
                Array [
                  0,
                  0,
                ]
              }
              fillOpacity={1}
              fillRule={1}
              matrix={
                Array [
                  1,
                  0,
                  0,
                  1,
                  0,
                  0,
                ]
              }
              opacity={1}
              originX={0}
              originY={0}
              propList={
                Array [
                  "fill",
                  "stroke",
                  "strokeWidth",
                  "strokeLinecap",
                  "strokeLinejoin",
                ]
              }
              rotation={0}
              scaleX={1}
              scaleY={1}
              skewX={0}
              skewY={0}
              stroke={
                Array [
                  0,
                  4287669422,
                ]
              }
              strokeDasharray={null}
              strokeDashoffset={null}
              strokeLinecap={1}
              strokeLinejoin={1}
              strokeMiterlimit={4}
              strokeOpacity={1}
              strokeWidth={1}
              vectorEffect={1}
              x={0}
              x1={50}
              x2={45}
              y={0}
              y1={102.63157894736841}
              y2={102.63157894736841}
            />
            <RNSVGText
              content={null}
              dx={
                Array [
                  0,
                ]
              }
              dy={
                Array [
                  4.26,
                ]
              }
              fill={
                Array [
                  0,
                  4278190080,
                ]
              }
              fillOpacity={1}
              fillRule={1}
              font={Object {}}
              matrix={
                Array [
                  1,
                  0,
                  0,
                  1,
                  0,
                  0,
                ]
              }
              name="chart-axis-1-tickLabels-2"
              opacity={1}
              originX={0}
              originY={0}
              propList={Array []}
              rotate={Array []}
              rotation={0}
              scaleX={1}
              scaleY={1}
              skewX={0}
              skewY={0}
              stroke={null}
              strokeDasharray={null}
              strokeDashoffset={null}
              strokeLinecap={0}
              strokeLinejoin={0}
              strokeMiterlimit={4}
              strokeOpacity={1}
              strokeWidth={1}
              vectorEffect={0}
              x={
                Array [
                  37,
                ]
              }
              y={
                Array [
                  102.63157894736841,
                ]
              }
            >
              <RNSVGTSpan
                content="15,000"
                dx={
                  Array [
                    0,
                  ]
                }
                dy={Array []}
                fill={
                  Array [
                    0,
                    4282735204,
                  ]
                }
                fillOpacity={1}
                fillRule={1}
                font={
                  Object {
                    "fontFamily": "Roboto",
                    "fontSize": 12,
                    "letterSpacing": "normal",
                    "textAnchor": "end",
                  }
                }
                matrix={
                  Array [
                    1,
                    0,
                    0,
                    1,
                    0,
                    0,
                  ]
                }
                opacity={1}
                originX={0}
                originY={0}
                propList={
                  Array [
                    "fill",
                  ]
                }
                rotate={Array []}
                rotation={0}
                scaleX={1}
                scaleY={1}
                skewX={0}
                skewY={0}
                stroke={null}
                strokeDasharray={null}
                strokeDashoffset={null}
                strokeLinecap={0}
                strokeLinejoin={0}
                strokeMiterlimit={4}
                strokeOpacity={1}
                strokeWidth={1}
                vectorEffect={0}
                x={
                  Array [
                    37,
                  ]
                }
                y={Array []}
              />
            </RNSVGText>
          </RNSVGGroup>
        </RNSVGGroup>
        <RNSVGGroup
          fill={
            Array [
              0,
              4278190080,
            ]
          }
          fillOpacity={1}
          fillRule={1}
          font={Object {}}
          matrix={
            Array [
              1,
              0,
              0,
              1,
              0,
              0,
            ]
          }
          opacity={1}
          originX={0}
          originY={0}
          propList={Array []}
          rotation={0}
          scaleX={1}
          scaleY={1}
          skewX={0}
          skewY={0}
          stroke={null}
          strokeDasharray={null}
          strokeDashoffset={null}
          strokeLinecap={0}
          strokeLinejoin={0}
          strokeMiterlimit={4}
          strokeOpacity={1}
          strokeWidth={1}
          vectorEffect={0}
          x={0}
          y={0}
        >
          <RNSVGPath
            d="M 39.583333333333336, 300 
A 0 0 0 0 1, 39.583333333333336, 300 
L 39.583333333333336, 128.94736842105263 
A 0 0 0 0 1, 39.583333333333336, 128.94736842105263 
L 60.416666666666664, 128.94736842105263 
A 0 0 0 0 1, 60.416666666666664, 128.94736842105263 
L 60.416666666666664, 300 
A 0 0 0 0 1, 60.416666666666664, 300 
 z"
            fill={
              Array [
                0,
                4282735204,
              ]
            }
            fillOpacity={1}
            fillRule={1}
            matrix={
              Array [
                1,
                0,
                0,
                1,
                0,
                0,
              ]
            }
            opacity={1}
            originX={0}
            originY={0}
            propList={
              Array [
                "fill",
                "stroke",
                "strokeWidth",
              ]
            }
            rotation={0}
            scaleX={1}
            scaleY={1}
            skewX={0}
            skewY={0}
            stroke={
              Array [
                0,
                4282735204,
              ]
            }
            strokeDasharray={null}
            strokeDashoffset={null}
            strokeLinecap={0}
            strokeLinejoin={0}
            strokeMiterlimit={4}
            strokeOpacity={1}
            strokeWidth={0}
            vectorEffect={0}
            x={0}
            y={0}
          />
          <RNSVGPath
            d="M 122.91666666666664, 300 
A 0 0 0 0 1, 122.91666666666664, 300 
L 122.91666666666664, 82.89473684210526 
A 0 0 0 0 1, 122.91666666666664, 82.89473684210526 
L 143.74999999999997, 82.89473684210526 
A 0 0 0 0 1, 143.74999999999997, 82.89473684210526 
L 143.74999999999997, 300 
A 0 0 0 0 1, 143.74999999999997, 300 
 z"
            fill={
              Array [
                0,
                4282735204,
              ]
            }
            fillOpacity={1}
            fillRule={1}
            matrix={
              Array [
                1,
                0,
                0,
                1,
                0,
                0,
              ]
            }
            opacity={1}
            originX={0}
            originY={0}
            propList={
              Array [
                "fill",
                "stroke",
                "strokeWidth",
              ]
            }
            rotation={0}
            scaleX={1}
            scaleY={1}
            skewX={0}
            skewY={0}
            stroke={
              Array [
                0,
                4282735204,
              ]
            }
            strokeDasharray={null}
            strokeDashoffset={null}
            strokeLinecap={0}
            strokeLinejoin={0}
            strokeMiterlimit={4}
            strokeOpacity={1}
            strokeWidth={0}
            vectorEffect={0}
            x={0}
            y={0}
          />
          <RNSVGPath
            d="M 206.25, 300 
A 0 0 0 0 1, 206.25, 300 
L 206.25, 112.5 
A 0 0 0 0 1, 206.25, 112.5 
L 227.08333333333331, 112.5 
A 0 0 0 0 1, 227.08333333333331, 112.5 
L 227.08333333333331, 300 
A 0 0 0 0 1, 227.08333333333331, 300 
 z"
            fill={
              Array [
                0,
                4282735204,
              ]
            }
            fillOpacity={1}
            fillRule={1}
            matrix={
              Array [
                1,
                0,
                0,
                1,
                0,
                0,
              ]
            }
            opacity={1}
            originX={0}
            originY={0}
            propList={
              Array [
                "fill",
                "stroke",
                "strokeWidth",
              ]
            }
            rotation={0}
            scaleX={1}
            scaleY={1}
            skewX={0}
            skewY={0}
            stroke={
              Array [
                0,
                4282735204,
              ]
            }
            strokeDasharray={null}
            strokeDashoffset={null}
            strokeLinecap={0}
            strokeLinejoin={0}
            strokeMiterlimit={4}
            strokeOpacity={1}
            strokeWidth={0}
            vectorEffect={0}
            x={0}
            y={0}
          />
          <RNSVGPath
            d="M 289.5833333333333, 300 
A 0 0 0 0 1, 289.5833333333333, 300 
L 289.5833333333333, 50 
A 0 0 0 0 1, 289.5833333333333, 50 
L 310.4166666666667, 50 
A 0 0 0 0 1, 310.4166666666667, 50 
L 310.4166666666667, 300 
A 0 0 0 0 1, 310.4166666666667, 300 
 z"
            fill={
              Array [
                0,
                4282735204,
              ]
            }
            fillOpacity={1}
            fillRule={1}
            matrix={
              Array [
                1,
                0,
                0,
                1,
                0,
                0,
              ]
            }
            opacity={1}
            originX={0}
            originY={0}
            propList={
              Array [
                "fill",
                "stroke",
                "strokeWidth",
              ]
            }
            rotation={0}
            scaleX={1}
            scaleY={1}
            skewX={0}
            skewY={0}
            stroke={
              Array [
                0,
                4282735204,
              ]
            }
            strokeDasharray={null}
            strokeDashoffset={null}
            strokeLinecap={0}
            strokeLinejoin={0}
            strokeMiterlimit={4}
            strokeOpacity={1}
            strokeWidth={0}
            vectorEffect={0}
            x={0}
            y={0}
          />
        </RNSVGGroup>
      </RNSVGGroup>
    </RNSVGSvgView>
    <View
      pointerEvents="box-none"
      style={
        Object {
          "left": 0,
          "position": "absolute",
          "top": 0,
          "zIndex": 99,
        }
      }
    >
      <RNSVGSvgView
        align="xMidYMid"
        bbHeight={350}
        bbWidth={350}
        focusable={false}
        height={350}
        meetOrSlice={0}
        minX={0}
        minY={0}
        style={
          Array [
            Object {
              "backgroundColor": "transparent",
              "borderWidth": 0,
            },
            Object {
              "height": "100%",
              "overflow": "visible",
              "width": "100%",
            },
            Object {
              "opacity": 1,
            },
            Object {
              "flex": 0,
              "height": 350,
              "width": 350,
            },
          ]
        }
        vbHeight={350}
        vbWidth={350}
        width={350}
      >
        <RNSVGGroup
          fill={
            Array [
              0,
              4278190080,
            ]
          }
          fillOpacity={1}
          fillRule={1}
          font={Object {}}
          matrix={
            Array [
              1,
              0,
              0,
              1,
              0,
              0,
            ]
          }
          opacity={1}
          originX={0}
          originY={0}
          propList={Array []}
          rotation={0}
          scaleX={1}
          scaleY={1}
          skewX={0}
          skewY={0}
          stroke={null}
          strokeDasharray={null}
          strokeDashoffset={null}
          strokeLinecap={0}
          strokeLinejoin={0}
          strokeMiterlimit={4}
          strokeOpacity={1}
          strokeWidth={1}
          vectorEffect={0}
          x={0}
          y={0}
        />
      </RNSVGSvgView>
    </View>
  </View>
</View>
`;
